[foo, 0, 0] => foo, -1, 0 
[+5 Dexterity Vest, 0, 0] => +5 Dexterity Vest, -1, 0 
[Aged Brie, 0, 0] => Aged Brie, -1, 2 
